// Jest Snapshot v1, https://goo.gl/fbAQLP

exports[`Icons Exported Keys 1 1`] = `
[
  "AccountingCoinsIcon",
  "AddBoldIcon",
  "AddIcon",
  "AiChatSparkFilledIcon",
  "AiChatSparkIcon",
  "AiEditSparkIcon",
  "AlarmClockIcon",
  "AlertFilledIcon",
  "AlertIcon",
  "AmexIcon",
  "AnalyticsGraphIcon",
  "AppleIcon",
  "ArchiveIcon",
  "ArrowChevronDownFilledIcon",
  "ArrowChevronDownIcon",
  "ArrowChevronLeftIcon",
  "ArrowChevronRightBoldIcon",
  "ArrowChevronRightIcon",
  "ArrowChevronUpIcon",
  "ArrowDashRightIcon",
  "ArrowDownIcon",
  "ArrowLeftIcon",
  "ArrowRightIcon",
  "ArrowThickCircleRightIcon",
  "ArrowThickCircleUpIcon",
  "ArrowUpIcon",
  "ArticleIcon",
  "ArtificialIntelligenceIcon",
  "AssessmentsIcon",
  "BadgeIcon",
  "BashShellIcon",
  "BellIcon",
  "BookBookmarkIcon",
  "BookClosedBookmarkIcon",
  "BookFlipPageIcon",
  "BookLibraryIcon",
  "BriefcaseIcon",
  "BrowserPageLayoutIcon",
  "BugIcon",
  "BulbIcon",
  "CalendarIcon",
  "CallIcon",
  "CertificateIcon",
  "ChallengeProjectIcon",
  "ChatIcon",
  "CheckCircledIcon",
  "CheckFilledIcon",
  "CheckHeavyIcon",
  "CheckIcon",
  "ChecklistIcon",
  "CIcon",
  "ClockIcon",
  "CloseCircleIcon",
  "ClosedCaptionDisabledIcon",
  "ClosedCaptionIcon",
  "CloseIcon",
  "CloseSquareIcon",
  "CloudCheckIcon",
  "CloudComputingIcon",
  "CloudIcon",
  "ClubsSealIcon",
  "CommentsIcon",
  "CommonFileSettingsIcon",
  "CommonFileTextHeartIcon",
  "CommonFileTextQuestionIcon",
  "CommunityIcon",
  "ComputerScienceIcon",
  "ConversationChatIcon",
  "CopyIcon",
  "CPlusIcon",
  "CreditCard1Icon",
  "CreditCardIcon",
  "CSharpIcon",
  "CubeIcon",
  "CybersecurityIcon",
  "DataAnalyticsIcon",
  "DataEngineeringIcon",
  "DataFileBarsShareIcon",
  "DataScienceIcon",
  "DataTransferVerticalIcon",
  "DataVisualizationIcon",
  "DeleteFilledIcon",
  "DeleteIcon",
  "DevopsIcon",
  "DiamondIcon",
  "DiscordIcon",
  "DiscordOutlineIcon",
  "DiscountStarPremiumFilledIcon",
  "DownloadIcon",
  "DuplicateIcon",
  "EaIcon",
  "EarthIcon",
  "EditIcon",
  "EditorIcon",
  "EmailFilledIcon",
  "EmailIcon",
  "ExperienceIcon",
  "ExploreIcon",
  "FacebookIcon",
  "FallbackSkillIcon",
  "FaviconIcon",
  "FaviconSolidIcon",
  "FileAddIcon",
  "FileCodeAdd1Icon",
  "FileDownloadIcon",
  "FileEditIcon",
  "FileIcon",
  "FileLockIcon",
  "FilePyIcon",
  "FileSearchIcon",
  "FileTextInfoIcon",
  "FilterIcon",
  "FitnessDumbbellIcon",
  "FitNormalIcon",
  "FitShrinkIcon",
  "FlutterIcon",
  "FolderAddIcon",
  "FolderIcon",
  "ForkIcon",
  "ForumsChatIcon",
  "FullscreenIcon",
  "FullscreenSquareIcon",
  "GameDevelopmentIcon",
  "GaugeDashboardIcon",
  "GearIcon",
  "GithubIcon",
  "GithubOutlineIcon",
  "GitIcon",
  "GlassesIcon",
  "GoIcon",
  "GolfHoleBallIcon",
  "GoogleIcon",
  "GplusIcon",
  "GraphStatsAscendIcon",
  "GrowthIcon",
  "HalloweenBroomIcon",
  "HammerWrenchIcon",
  "HouseEntranceIcon",
  "HtmlCssIcon",
  "HyperlinkIcon",
  "IbmIcon",
  "ImageIcon",
  "InfoCircleIcon",
  "InformationalIcon",
  "InProgressIcon",
  "InstagramIcon",
  "InstructionsIcon",
  "InteractiveCursorIcon",
  "IntersectionIcon",
  "ItIcon",
  "JavaIcon",
  "JavascriptIcon",
  "JiraIcon",
  "KeyboardIcon",
  "KotlinIcon",
  "LayoutModuleAltIcon",
  "LayoutModuleIcon",
  "LearnIcon",
  "LessonIcon",
  "LevelIcon",
  "LifePreserverIcon",
  "LinkedinIcon",
  "LinkedinOutlineIcon",
  "LinkIcon",
  "ListeningIcon",
  "ListIcon",
  "LiveVideoIcon",
  "LocationPinIcon",
  "LockHeavyIcon",
  "LockIcon",
  "LogoutIcon",
  "MachineLearningIcon",
  "MaintenanceIcon",
  "MapFingerIcon",
  "MapPinIcon",
  "MarkdownIcon",
  "MarkerIcon",
  "MastercardIcon",
  "MathIcon",
  "MediumIcon",
  "MegaphoneIcon",
  "MenuIcon",
  "MetaIcon",
  "MicrophoneIcon",
  "MicrosoftIcon",
  "MiniAccessibilityIcon",
  "MiniAddIcon",
  "MiniArrowDownIcon",
  "MiniArrowLeftIcon",
  "MiniArrowRightIcon",
  "MiniArrowUpIcon",
  "MiniAudioDescriptionIcon",
  "MiniCheckCircleIcon",
  "MiniChevronDownIcon",
  "MiniChevronLeftIcon",
  "MiniChevronRightIcon",
  "MiniChevronUpIcon",
  "MiniCircleIcon",
  "MiniCloseCaptioningIcon",
  "MiniCopyIcon",
  "MiniCursorIcon",
  "MiniDeleteIcon",
  "MiniEditIcon",
  "MiniInfoCircleIcon",
  "MiniInfoOutlineIcon",
  "MiniKebabMenuIcon",
  "MiniLiveVideoIcon",
  "MinimizeBarIcon",
  "MinimizeIcon",
  "MiniOpenIcon",
  "MiniPinIcon",
  "MiniQuoteIcon",
  "MiniRemoveCircleIcon",
  "MiniReorderDotsVerticalIcon",
  "MiniRibbonIcon",
  "MiniStarIcon",
  "MiniThumbsDownIcon",
  "MiniThumbsUpIcon",
  "MiniUndoIcon",
  "MiniWarningTriangleIcon",
  "MobileDevelopmentIcon",
  "MoneyBackGuaranteeIcon",
  "MoneyWalletIcon",
  "MonitorBookIcon",
  "MoveLeftIcon",
  "MoveRightIcon",
  "MultipleActionsViewIcon",
  "MultipleUsersIcon",
  "NarrativeIcon",
  "NetworkUserIcon",
  "NotebookIcon",
  "ObjectiveIcon",
  "OfficeBuildingDoubleIcon",
  "OneTimeIcon",
  "OnlineClassStudentIcon",
  "OpenAiFullIcon",
  "OpenAiIcon",
  "OpenIcon",
  "OptimizationClockIcon",
  "OverviewIcon",
  "PaginateFilterTextIcon",
  "ParagraphJustifiedAlignIcon",
  "PathChangeIcon",
  "PathCompleteIcon",
  "PathIcon",
  "PauseIcon",
  "PaypalLogoIcon",
  "PdfIcon",
  "PeopleIcon",
  "PercipioIcon",
  "PersonChatIcon",
  "PersonFilledIcon",
  "PersonIcon",
  "PersonPonytailIcon",
  "PhoneIcon",
  "PhpIcon",
  "PieLineGraphIcon",
  "PinIcon",
  "PipExitIcon",
  "PipIcon",
  "PlayCircledIcon",
  "PlayIcon",
  "PortfolioProjectIcon",
  "ProfessionalCertificateIcon",
  "ProgrammingBrowserIcon",
  "ProgrammingTeamChatIcon",
  "ProjectsIcon",
  "PythonIcon",
  "QrCodeScanIcon",
  "QuestionMarkIcon",
  "QuizIcon",
  "RadarIcon",
  "RailsIcon",
  "RankingWinnerIcon",
  "RatingStarCircleIcon",
  "RatingStarGiveIcon",
  "ReactIcon",
  "RecordingIcon",
  "RedditIcon",
  "RedditSolidIcon",
  "RedoIcon",
  "RefreshIcon",
  "ReportIcon",
  "ResetIcon",
  "ResizableHandleIcon",
  "ResponsiveIcon",
  "RibbonDoubleFilledIcon",
  "RibbonDoubleIcon",
  "RibbonFilledIcon",
  "RibbonIcon",
  "RIcon",
  "RoadmapIcon",
  "RocketIcon",
  "RoundPinIcon",
  "RubyIcon",
  "RulerTriangleIcon",
  "SavingBankIcon",
  "SearchIcon",
  "SendIcon",
  "SettingsSliderVerticalIcon",
  "ShareAltIcon",
  "ShareIcon",
  "SlackIcon",
  "SmallCheckIcon",
  "SmileyHappyIcon",
  "SmileyIndifferentIcon",
  "SmileySadIcon",
  "SmileyStarEyesIcon",
  "SparkleIcon",
  "SparkleOutlineIcon",
  "SpotifyIcon",
  "SqlIcon",
  "StackedSquaresIcon",
  "StarCircleIcon",
  "StarFilledCircleIcon",
  "StarFilledIcon",
  "StarIcon",
  "StopSignIcon",
  "StreakIcon",
  "StudyBookIcon",
  "SupportFilledIcon",
  "SupportIcon",
  "SwiftIcon",
  "SymbolEqualIcon",
  "SynchronizeRefreshArrowIcon",
  "TagIcon",
  "TaskListMultipleIcon",
  "TerminalIcon",
  "ThumbsDownFilledIcon",
  "ThumbsDownIcon",
  "ThumbsUpFilledIcon",
  "ThumbsUpIcon",
  "TikTokIcon",
  "Timer10Icon",
  "TrackIcon",
  "TranslateIcon",
  "TrashIcon",
  "TrophyFilledIcon",
  "TrophyIcon",
  "TwitterIcon",
  "TwitterOutlineIcon",
  "TypeIcon",
  "TypescriptIcon",
  "UndoIcon",
  "UnlockHeavyIcon",
  "UnlockIcon",
  "UploadIcon",
  "VideoPlayerMovieIcon",
  "ViewIcon",
  "ViewOffIcon",
  "VisaIcon",
  "VolumeControlFullIcon",
  "VolumeControlMediumIcon",
  "VolumeControlMuteIcon",
  "WebDesignIcon",
  "WebDevelopmentIcon",
  "WebFormProgressIcon",
  "WhatsAppFilledIcon",
  "XIcon",
  "YoutubeIcon",
  "YoutubePlayIcon",
  "ZoomIcon",
]
`;
