// Jest Snapshot v1, https://goo.gl/fbAQLP

exports[`createConfig merges loaders 1`] = `
Object {
  "context": "/Users/jake/Sites/Codecademy/npm/webpack-config/src/__tests__",
  "entry": "/Users/jake/Sites/Codecademy/npm/webpack-config/src/__tests__/src/main.js",
  "module": Object {
    "rules": Array [
      Object {
        "include": Array [
          "/Users/jake/Sites/Codecademy/npm/webpack-config/src/__tests__",
        ],
        "loader": "babel-loader",
        "options": Object {
          "cacheDirectory": true,
          "presets": Array [
            "codecademy",
          ],
        },
        "test": /\\\\\\.js\\?\\$/,
      },
      Object {
        "loader": "file-loader",
        "test": /\\\\\\.jpe\\?g\\$\\|\\\\\\.gif\\$\\|\\\\\\.png\\$\\|\\\\\\.svg\\$\\|\\\\\\.woff\\$\\|\\\\\\.ttf\\$\\|\\\\\\.eot\\|\\\\\\.wav\\$\\|\\\\\\.mp3\\$/,
      },
    ],
  },
  "output": Object {
    "filename": "[name].js",
    "path": "/Users/jake/Sites/Codecademy/npm/webpack-config/src/__tests__/dist",
  },
  "plugins": Array [
    DefinePlugin {
      "definitions": Object {
        "__DEV__": true,
        "process.env.NODE_ENV": "\\"development\\"",
      },
    },
    ContextReplacementPlugin {
      "newContentRecursive": undefined,
      "newContentRegExp": /en/,
      "newContentResource": undefined,
      "resourceRegExp": /moment\\[\\\\/\\\\\\\\\\]locale\\$/,
    },
  ],
  "resolve": Object {
    "extensions": Array [
      ".webpack.js",
      ".web.js",
      ".js",
      ".scss",
      ".css",
      ".json",
    ],
    "modules": Array [
      "node_modules",
      "node_modules/@codecademy",
    ],
  },
}
`;
