// Jest Snapshot v1, https://goo.gl/fbAQLP

exports[`orderPropNames orders all props 1`] = `
Array [
  "border",
  "borderX",
  "borderY",
  "borderTop",
  "borderBottom",
  "borderLeft",
  "borderRight",
  "borderWidth",
  "borderWidthX",
  "borderWidthY",
  "borderStyle",
  "borderStyleX",
  "borderStyleY",
  "borderColor",
  "borderColorX",
  "borderColorY",
  "borderRadius",
  "borderRadiusLeft",
  "borderRadiusTop",
  "borderRadiusBottom",
  "borderRadiusRight",
  "flex",
  "m",
  "mx",
  "my",
  "p",
  "px",
  "py",
  "inset",
  "size",
  "width",
  "top",
  "right",
  "pt",
  "pr",
  "pl",
  "pb",
  "minWidth",
  "minHeight",
  "maxWidth",
  "maxHeight",
  "mt",
  "mr",
  "ml",
  "mb",
  "left",
  "height",
  "flexBasis",
  "textColor",
  "bottom",
  "borderColorTop",
  "borderColorRight",
  "borderColorLeft",
  "borderColorBottom",
  "bg",
]
`;
