// Jest Snapshot v1, https://goo.gl/fbAQLP

exports[`Gamut Exported Keys 1`] = `
Array [
  "Accordion",
  "AccordionButton",
  "Alert",
  "AppBar",
  "AppBarSection",
  "Badge",
  "Banner",
  "BannerStyle",
  "BannerType",
  "Button",
  "ButtonBase",
  "buttonPresetThemes",
  "CardBody",
  "CardFooter",
  "CardShell",
  "Checkbox",
  "Col",
  "Column",
  "Container",
  "ContentContainer",
  "createPromise",
  "DeprecatedTabs",
  "FlexGrid",
  "Form",
  "FormError",
  "FormGroup",
  "FormGroupDescription",
  "FormGroupLabel",
  "generateResponsiveClassnames",
  "GridForm",
  "Heading",
  "HighlightedText",
  "Input",
  "InputStepper",
  "Interstitial",
  "Item",
  "LayoutGrid",
  "Markdown",
  "MenuItem",
  "Modal",
  "NotificationIcon",
  "NotificationItem",
  "NotificationList",
  "omitProps",
  "Overlay",
  "ProgressBar",
  "RadialProgress",
  "Radio",
  "RadioGroup",
  "Row",
  "Select",
  "SideMenu",
  "SkipToContent",
  "Spinner",
  "SplitInterstitial",
  "Tab",
  "TabList",
  "TabPanel",
  "Tabs",
  "Text",
  "TextArea",
  "Toggle",
  "ToolTip",
  "ToolTipPosition",
  "Truncate",
  "Video",
  "VisualTheme",
]
`;
