// Jest Snapshot v1, https://goo.gl/fbAQLP

exports[`Gamut Exported Keys 1`] = `
[
  "AccordionAreaDeprecated",
  "AccordionButtonDeprecated",
  "AccordionDeprecated",
  "Alert",
  "Anchor",
  "AnchorBase",
  "AppBar",
  "AppBarSection",
  "AppWrapper",
  "Badge",
  "BodyPortal",
  "Box",
  "Breadcrumbs",
  "Card",
  "Checkbox",
  "Coachmark",
  "Column",
  "ConnectedCheckbox",
  "ConnectedForm",
  "ConnectedFormGroup",
  "ConnectedInput",
  "ConnectedRadio",
  "ConnectedRadioGroup",
  "ConnectedRadioGroupInput",
  "ConnectedSelect",
  "ConnectedTextArea",
  "ContentContainer",
  "createPromise",
  "CTAButton",
  "DataList",
  "DataTable",
  "DeprecatedToolTip",
  "Dialog",
  "Disclosure",
  "Drawer",
  "ExpandControl",
  "ExpandInCollapseOut",
  "FillButton",
  "FlexBox",
  "FloatingCard",
  "Flyout",
  "FocusTrap",
  "focusVisibleStyle",
  "Form",
  "FormError",
  "FormGroup",
  "FormGroupDescription",
  "FormGroupLabel",
  "FormPropsContext",
  "FormRequiredText",
  "generateResponsiveClassnames",
  "GridBox",
  "GridForm",
  "GridFormContent",
  "HiddenText",
  "IconButton",
  "iFrameWrapper",
  "InfoTip",
  "Input",
  "isClickableCrumb",
  "LayoutGrid",
  "List",
  "ListCol",
  "ListRow",
  "Logo",
  "LogoDefault",
  "LogoMini",
  "LogoPro",
  "Markdown",
  "Menu",
  "MenuItem",
  "MenuSeparator",
  "Modal",
  "ModalDeprecated",
  "omitProps",
  "Overlay",
  "Pagination",
  "Popover",
  "PopoverContainer",
  "PreviewTip",
  "ProgressBar",
  "RadialProgress",
  "Radio",
  "RadioGroup",
  "reactRecurlyFormFieldFocusStyles",
  "reactRecurlyFormFieldPaddingStyles",
  "Rotation",
  "Select",
  "SelectDropdown",
  "Shimmer",
  "SkipToContent",
  "SkipToContentTarget",
  "Spinner",
  "StrokeButton",
  "SubmitButton",
  "submitSuccessStatus",
  "Tab",
  "TabButton",
  "TableHeader",
  "TabList",
  "TabNav",
  "TabNavLink",
  "TabPanel",
  "TabPanels",
  "Tabs",
  "Tag",
  "Text",
  "TextArea",
  "TextButton",
  "Toast",
  "Toaster",
  "Toggle",
  "ToolTip",
  "USE_DEBOUNCED_FIELD_DIRTY_KEY",
  "useConnectedForm",
  "useDebouncedField",
  "useField",
  "useFormState",
  "useGetInitialFormValue",
  "useIsMounted",
  "useLocalQuery",
  "useSubmitState",
  "Video",
]
`;
