// Jest Snapshot v1, https://goo.gl/fbAQLP

exports[`Allows passing in arbitrary react component overrides 1`] = `
<div
  class="spacing-tight"
>
  <h1
    id="heading"
  >
    Heading
  </h1>
  <marquee>
    coooool
  </marquee>
</div>
`;

exports[`Renders html content in markdown 1`] = `
<div
  class="spacing-tight"
>
  <h1>
    Heading 1
  </h1>
  <h3>
    Heading 3
  </h3>
  <table>
    <tbody>
      <tr>
        <td>
          Cool
        </td>
      </tr>
    </tbody>
  </table>
  <div
    class="youtubeVideoWrapper"
    data-testid="yt-iframe"
    style="padding-bottom:56.25%"
  >
    <iframe
      allow="accelerometer; autoplay; encrypted-media; gyroscope; picture-in-picture"
      allowfullscreen=""
      frameborder="0"
      src="https://www.youtube.com/embed/KvgrQIK1yPY"
    />
  </div>
</div>
`;

exports[`renders standard Markdown 1`] = `
<div
  class="spacing-tight"
>
  <h1
    id="heading-1"
  >
    Heading 1
  </h1>
  <h3
    id="heading-3"
  >
    Heading 3
  </h3>
  <pre>
    <code
      class="lang-js"
    >
      const jsCode = () =&gt; {
  console.log('hello world);
}
    </code>
  </pre>
</div>
`;
